[Sun Nov 30 17:18:45 2025] PHP 8.4.15 Development Server (http://localhost:8000) started
[Sun Nov 30 17:18:49 2025] [::1]:53169 Accepted
[Sun Nov 30 17:18:50 2025] Report giornaliero: generazione fallita per 2025-11-28 - SQLSTATE[23000]: Integrity constraint violation: 1048 Column 'file_path' cannot be null
[Sun Nov 30 17:18:51 2025] Sincronizzazione telegrammi: esecuzione fallita - Errore Ufficio Postale: Wrong Token
[Sun Nov 30 17:18:53 2025] [::1]:53169 [200]: GET /modules/servizi/certi3/api/comunali.php?action=get_tipi
[Sun Nov 30 17:18:53 2025] [::1]:53169 Closing
[Sun Nov 30 17:19:03 2025] [::1]:53247 Accepted
[Sun Nov 30 17:19:03 2025] Report giornaliero: generazione fallita per 2025-11-28 - SQLSTATE[23000]: Integrity constraint violation: 1048 Column 'file_path' cannot be null
[Sun Nov 30 17:19:04 2025] Sincronizzazione telegrammi: esecuzione fallita - Errore Ufficio Postale: Wrong Token
[Sun Nov 30 17:19:06 2025] [::1]:53247 [200]: GET /modules/servizi/certi3/api/comunali.php?action=get_tipi
[Sun Nov 30 17:19:06 2025] [::1]:53247 Closing
[Sun Nov 30 17:19:28 2025] [::1]:53389 Accepted
[Sun Nov 30 17:19:28 2025] Report giornaliero: generazione fallita per 2025-11-28 - SQLSTATE[23000]: Integrity constraint violation: 1048 Column 'file_path' cannot be null
[Sun Nov 30 17:19:29 2025] Sincronizzazione telegrammi: esecuzione fallita - Errore Ufficio Postale: Wrong Token
[Sun Nov 30 17:19:31 2025] [::1]:53389 [200]: GET /modules/servizi/certi3/api/comunali.php?action=get_tipi
[Sun Nov 30 17:19:31 2025] [::1]:53389 Closing
[Sun Nov 30 17:19:40 2025] [::1]:53457 Accepted
[Sun Nov 30 17:19:40 2025] Report giornaliero: generazione fallita per 2025-11-28 - SQLSTATE[23000]: Integrity constraint violation: 1048 Column 'file_path' cannot be null
[Sun Nov 30 17:19:41 2025] Sincronizzazione telegrammi: esecuzione fallita - Errore Ufficio Postale: Wrong Token
[Sun Nov 30 17:19:43 2025] [::1]:53457 [200]: GET /modules/servizi/certi3/api/comunali.php?action=get_tipi
[Sun Nov 30 17:19:43 2025] [::1]:53457 Closing
